# Create graphs
created graph graph

# Add 3 node to graph
added node n0 to graph

# Check contains
Exception: java.lang.IllegalArgumentException: node is null