created graph graph1

added node n1 to graph1
added node n2 to graph1
added node n3 to graph1
added node n4 to graph1

added edge 1.200 from n1 to n2 in graph1
added edge 2.300 from n2 to n3 in graph1
added edge 3.200 from n3 to n2 in graph1
added edge 4.100 from n4 to n1 in graph1

path from n1 to n4:
no path found