created graph graph1

added node n1 to graph1
added node n2 to graph1

added edge 2.000 from n1 to n2 in graph1
added edge 0.200 from n1 to n2 in graph1

path from n1 to n2:
n1 to n2 with weight 0.200
total cost: 0.200